[1;90m  Title                                                     Status       Checks     Fixing  Age[m   
[38;5;237m╭────────────────────────────────────────────────────────────────────────────────────────────────╮[m
[38;5;237m│[m[1;90mkumahq/kuma[m                                                                                     [38;5;237m│[m
[38;5;237m│[m[97;48;5;237m  chore(deps): bump go to 1.25                              [32m✓ Ready[m      [90m-[m          [90m-[m       2d[m  [38;5;237m│[m
[38;5;237m│[m  chore(deps): bump helm chart                              [33m◐ Checks[m     [90m-[m          [90m-[m       5d  [38;5;237m│[m
[38;5;237m│[m[1;90mkumahq/kuma-website[m                                                                             [38;5;237m│[m
[38;5;237m│[m  fix(deps): update gatsby                                  [31m✗ Conflict[m   [90m-[m          [90m-[m       3d  [38;5;237m│[m
[38;5;237m│[m                                                                                                [38;5;237m│[m
[38;5;237m│[m                                                                                                [38;5;237m│[m
[38;5;237m│[m                                                                                                [38;5;237m│[m
[38;5;237m│[m                                                                                                [38;5;237m│[m
[38;5;237m│[m                                                                                                [38;5;237m│[m
[38;5;237m│[m                                                                                                [38;5;237m│[m
[38;5;237m│[m                                                                                                [38;5;237m│[m
[38;5;237m╰────────────────────────────────────────────────────────────────────────────────────────────────╯[m