[1;90m  Title                      St  Checks     Fixing  Age[m   
[38;5;237m╭────────────────────────────────────────────────────────╮[m
[38;5;237m│[m[1;90mkumahq/kuma[m                                             [38;5;237m│[m
[38;5;237m│[m[97;48;5;237m  chore(deps): bump go to…   [32m✓[m   [90m-[m          [90m-[m       1d[m  [38;5;237m│[m
[38;5;237m│[m  chore(deps): bump helm …   [33m◐[m   [90m-[m          [90m-[m       7d  [38;5;237m│[m
[38;5;237m│[m                                                        [38;5;237m│[m
[38;5;237m│[m                                                        [38;5;237m│[m
[38;5;237m│[m                                                        [38;5;237m│[m
[38;5;237m│[m                                                        [38;5;237m│[m
[38;5;237m│[m                                                        [38;5;237m│[m
[38;5;237m│[m                                                        [38;5;237m│[m
[38;5;237m│[m                                                        [38;5;237m│[m
[38;5;237m│[m                                                        [38;5;237m│[m
[38;5;237m│[m                                                        [38;5;237m│[m
[38;5;237m╰────────────────────────────────────────────────────────╯[m