  Title                      St  Checks     Fixing  Age   
╭────────────────────────────────────────────────────────╮
│kumahq/kuma                                             │
│  chore(deps): bump go to…   ✓   -          -       1d  │
│  chore(deps): bump helm …   ◐   -          -       7d  │
│                                                        │
│                                                        │
│                                                        │
│                                                        │
│                                                        │
│                                                        │
│                                                        │
╰────────────────────────────────────────────────────────╯