  Title                      St  Checks     Fixing  Age     
╭────────────────────────────────────────────────────────╮  
│org/other                                               │  
│  bump deps                  ✗   -          -       1d  │  
│org/repo                                                │  
│  update go                  ✓   -          -       2d  │  
│  update helm                ◐   -          -       3d  │  
│                                                        │  
│                                                        │  
│                                                        │  
│                                                        │  
│                                                        │  
│                                                        │  
╰────────────────────────────────────────────────────────╯  
  m/M merge…                                       ✓ 3 PRs  