     Title                                                                        Status   ⊘ ⚙  ⏱   
╭──────────────────────────────────────────────────────────────────────────────────────────────────╮
│ ▼ org/other                                                                                      │
│ 🔒 bump lodash (security)                                                       ◐ Review - - 12h │
│    bump deps                                                                    ✗ Checks - - 1d  │
│ ▼ org/repo                                                                                       │
│    update go                                                                    ✓ Ready  - - 2d  │
│    update helm                                                                  ◐ Review - - 3d  │
│                                                                                                  │
│                                                                                                  │
│                                                                                                  │
│                                                                                                  │
│                                                                                                  │
╰──────────────────────────────────────────────────────────────────────────────────────────────────╯
  m/M merge · a/A approve · c copy links · f fix CI · z collapse · / filter · o open …     ✓ 3 PRs  
