     Title                                      St ⊘ ⚙  ⏱   
╭──────────────────────────────────────────────────────────╮
│ ▼ org/other                                              │
│ 🔒 bump lodash (security)                     ◐  - - 12h │
│    bump deps                                  ✗  - - 1d  │
│ ▼ org/repo                                               │
│    update go                                  ✓  - - 2d  │
│    update helm                                ◐  - - 3d  │
│                                                          │
│                                                          │
│                                                          │
│                                                          │
│                                                          │
╰──────────────────────────────────────────────────────────╯
  m/M merge · a/A approve · c copy links …         ✓ 3 PRs  
