[1;90m  Title                                                     Status       Checks     Fixing  Age[m     
[38;5;237m╭────────────────────────────────────────────────────────────────────────────────────────────────╮[m  
[38;5;237m│[m[1;90morg/other[m                                                                                       [38;5;237m│[m  
[38;5;237m│[m[97;48;5;237m  bump deps                                                 [31m✗ Checks[m     [90m-[m          [90m-[m       1d[m  [38;5;237m│[m  
[38;5;237m│[m[1;90morg/repo[m                                                                                        [38;5;237m│[m  
[38;5;237m│[m  update go                                                 [32m✓ Ready[m      [90m-[m          [90m-[m       2d  [38;5;237m│[m  
[38;5;237m│[m  update helm                                               [33m◐ Review[m     [90m-[m          [90m-[m       3d  [38;5;237m│[m  
[38;5;237m│[m                                                                                                [38;5;237m│[m  
[38;5;237m│[m                                                                                                [38;5;237m│[m  
[38;5;237m│[m                                                                                                [38;5;237m│[m  
[38;5;237m│[m                                                                                                [38;5;237m│[m  
[38;5;237m│[m                                                                                                [38;5;237m│[m  
[38;5;237m│[m                                                                                                [38;5;237m│[m  
[38;5;237m╰────────────────────────────────────────────────────────────────────────────────────────────────╯[m  
[90m  [1;37mm/M[m [90mmerge[m[38;5;237m · [m[1;37ma/A[m [90mapprov[90m…[m                                                                  [32m✓ 3 PRs[m  [m