  Title                                                        Status       Checks     Fixing  Age  
╭──────────────────────────────────────────────────────────────────────────────────────────────────╮
│ org/other                                                                                        │
│  bump deps                                                    ✗ Checks     -          -       1d │
│ org/repo                                                                                         │
│  update go                                                    ✓ Ready      -          -       2d │
│  update helm                                                  ◐ Review     -          -       3d │
│                                                                                                  │
│                                                                                                  │
│                                                                                                  │
│                                                                                                  │
│                                                                                                  │
│                                                                                                  │
╰──────────────────────────────────────────────────────────────────────────────────────────────────╯
  m/M merge · a/A approv…                                                                  ✓ 3 PRs  
